[shellshock.io/index.html]
[shellshock.io/img/logo.svg]
[shellshock.io/img/BlueWizard-Logo-min.png]
[backblue.gif]
[fade.gif]
[index.html]
[shellshock.io/GET]
[shellshock.io/firebaseLocalStorageDb]
[shellshock.io/favicon.ico]
[shellshock.io/favicon192.png]
[shellshock.io/favicon256.png]
[cdnjs.cloudflare.com/ajax/libs/font-awesome/5.14.0/css/all.min.css]
[shellshock.io/styles/transitionsfdb0.css]
[shellshock.io/styles/forms9d3c.css]
[shellshock.io/styles/style9d3c.css]
[shellshock.io/styles/game9d3c.css]
[sdk.crazygames.com/crazygames-sdk-v1.js]
[www.gstatic.com/firebasejs/9.17.2/firebase-app-compat.js]
[www.gstatic.com/firebasejs/9.17.2/firebase-auth-compat.js]
[www.gstatic.com/firebasejs/ui/6.0.2/firebase-ui-auth.js]
[connect.facebook.net/en_US/fbevents.js]
[api.adinplay.com/libs/aiptag/pub/SSK/shellshock.io/tag.min.js]
[shellshock.io/js/vue/vue.min.2.6.10.js]
[shellshock.io/js/screenShot52ca.js]
[shellshock.io/img/chicken-nugget/chw-loot-btn.png]
[shellshock.io/img/eggPose05.png]
[shellshock.io/js/shellshock7e67.js]
[shellshock.io/img/eggPose01.png]
[shellshock.io/img/black-friday-banner.jpg]
[shellshock.io/img/vip-club/vip-club-popup-emblem.png]
[shellshock.io/img/shellshockers-unite-lg.png]
[shellshock.io/img/events/shell-mobile-popup-bg-qr.png]
[shellshock.io/img/kotc/kotc-wordmark.svg]
[shellshock.io/img/kotc/kotc-arrow.svg]
[shellshock.io/img/kotc/kotc-rooster.svg]
[shellshock.io/img/kotc/kotc-crown.svg]
[shellshock.io/img/scavenger-800x600.png]
[shellshock.io/img/tutorial/ss_tutorial_Keyboard.png]
[shellshock.io/img/tutorial/ss_tutorial_Mouse.png]
[shellshock.io/img/tutorial/ss_tutorial_EggTarget.png]
[shellshock.io/img/controller/button_stickleft.svg]
[shellshock.io/img/controller/button_stickright.svg]
[shellshock.io/img/controller/button_dpadup.svg]
[shellshock.io/img/controller/button_dpaddown.svg]
[shellshock.io/img/controller/button_dpadleft.svg]
[shellshock.io/img/controller/button_dpadright.svg]
[shellshock.io/img/controller/button_circle.svg]
[shellshock.io/img/controller/button_square.svg]
[shellshock.io/img/controller/button_triangle.svg]
[shellshock.io/img/shellShockers_loadingTipEgg.png]
[shellshock.io/img/ico_goldenEgg.svg]
[shellshock.io/img/chicken-nugget/goldenNugget_static.png]
[shellshock.io/img/free-games-io.png]
[shellshock.io/img/egg-org/logo_EggOrg.svg]
[shellshock.io/img/chicken-nugget/ssAd_chicknWinner800x600-min.png]
[shellshock.io/img/svg/ico-arrow-colorPicker.svg]
[shellshock.io/img/pricetag_left.png]
[shellshock.io/img/pricetag_right.png]
[shellshock.io/img/svg-icons/ico-private-game-config.svg]
[shellshock.io/img/kotc/crown.svg]
[shellshock.io/img/ico_grenadeEmpty3860.png]
[shellshock.io/img/hardBoiledEmpty.png]
[shellshock.io/img/hardBoiledFilled.png]
[shellshock.io/img/ico_eggBreaker.png]
[shellshock.io/img/spatulaIcon.png]
[shellshock.io/img/photo-booth/ico_shelfieStars.svg]
[shellshock.io/img/egg_pack_small.png]
[shellshock.io/img/svg/ico_goldenEgg.svg]
[shellshock.io/img/photo-booth/maps/${url}.jpg]
[shellshock.io/index.html]
[shellshock.io/img/logo.svg]
[shellshock.io/GET.html]
[shellshock.io/firebaseLocalStorageDb.html]
[shellshock.io/favicon256.html]
[cdnjs.cloudflare.com/ajax/libs/font-awesome/5.14.0/css/all.min.css]
[shellshock.io/styles/transitionsfdb0.css]
[shellshock.io/styles/forms9d3c.css]
[shellshock.io/styles/img/ico_chicken.png]
[shellshock.io/img/ico_twitch.png]
[shellshock.io/img/ico_youtube.png]
[shellshock.io/img/svg-icons/ico-disabled.svg]
[shellshock.io/img/twitch-drops/twitch-reward-popup-bg.png]
[shellshock.io/img/vip-club/vip-club-popup-background.png]
[shellshock.io/img/vip-club/vip-club-popup-bullet-point-star.png]
[shellshock.io/img/vip-club/vip-banner.png]
[shellshock.io/img/kotc/kotc-bg-popup.png]
[shellshock.io/img/kotc/kotc-screenshot-one.png]
[shellshock.io/img/kotc/kotc-screenshot-two.png]
[shellshock.io/img/tutorial/ss_tutorial_Star.png]
[shellshock.io/styles/style9d3c.css]
[shellshock.io/img/ico_streak.png]
[shellshock.io/img/ico_ammo.png]
[shellshock.io/img/scope.png]
[shellshock.io/styles/game9d3c.css]
[www.googletagmanager.com/gtm5445.html]
[www.gstatic.com/images/icons/material/system/2x/done_googgreen_36dp.png]
[www.gstatic.com/images/icons/material/system/1x/arrow_drop_down_grey600_18dp.png]
[www.gstatic.com/firebasejs/ui/2.0.0/images/auth/flags_sprite_2x.png]
[www.gstatic.com/images/icons/material/system/1x/visibility_black_24dp.png]
[www.gstatic.com/images/icons/material/system/1x/visibility_off_black_24dp.png]
[www.gstatic.com/firebasejs/ui/2.0.0/images/auth/success_status.png]
[www.gstatic.com/firebasejs/ui/6.0.2/firebase-ui-auth.css]
[shellshock.io/a]
[shellshock.io/POST]
[shellshock.io/b.resolvedLink]
[shellshock.io/signals/iwl.js]
[connect.facebook.net/en_US/fbevents.js]
[shellshock.io/img/kotc/kotc-wordmark.svg]
[shellshock.io/img/kotc/kotc-arrow.svg]
[shellshock.io/img/kotc/kotc-rooster.svg]
[shellshock.io/img/kotc/kotc-crown.svg]
[shellshock.io/img/controller/button_stickleft.svg]
[shellshock.io/img/controller/button_stickright.svg]
[shellshock.io/img/controller/button_dpadup.svg]
[shellshock.io/img/controller/button_dpaddown.svg]
[shellshock.io/img/controller/button_dpadleft.svg]
[shellshock.io/img/controller/button_dpadright.svg]
[shellshock.io/img/controller/button_circle.svg]
[shellshock.io/img/controller/button_square.svg]
[shellshock.io/img/controller/button_triangle.svg]
[shellshock.io/img/ico_goldenEgg.svg]
[shellshock.io/img/egg-org/logo_EggOrg.svg]
[shellshock.io/img/svg/ico-arrow-colorPicker.svg]
[shellshock.io/img/svg-icons/ico-private-game-config.svg]
[shellshock.io/img/kotc/crown.svg]
[shellshock.io/img/photo-booth/ico_shelfieStars.svg]
[shellshock.io/img/svg/ico_goldenEgg.svg]
[shellshock.io/img/photo-booth/maps/${url}.html]
[shellshock.io/styles/img/ico_chicken.html]
[shellshock.io/img/svg-icons/ico-disabled.svg]
[shellshock.io/a.html]
[shellshock.io/POST.html]
[shellshock.io/schema.org/index.html]
[shellshock.io/schema.org/index.html]
[shellshock.io/b.html]
[shellshock.io/signals/iwl.html]
